Archive member included to satisfy reference by file (symbol)

/usr/lib/gcc/arm-none-eabi/6.3.1/thumb/v7e-m/fpv4-sp/hard/libgcc.a(_aeabi_uldivmod.o)
                              CMakeFiles/TEST_INTEGRATION.elf.dir/src/config/default/system/time/src/sys_time.c.obj (__aeabi_uldivmod)
/usr/lib/gcc/arm-none-eabi/6.3.1/thumb/v7e-m/fpv4-sp/hard/libgcc.a(_udivmoddi4.o)
                              /usr/lib/gcc/arm-none-eabi/6.3.1/thumb/v7e-m/fpv4-sp/hard/libgcc.a(_aeabi_uldivmod.o) (__udivmoddi4)
/usr/lib/gcc/arm-none-eabi/6.3.1/thumb/v7e-m/fpv4-sp/hard/libgcc.a(_dvmd_tls.o)
                              /usr/lib/gcc/arm-none-eabi/6.3.1/thumb/v7e-m/fpv4-sp/hard/libgcc.a(_aeabi_uldivmod.o) (__aeabi_ldiv0)
/usr/lib/gcc/arm-none-eabi/6.3.1/../../../arm-none-eabi/lib/thumb/v7e-m/fpv4-sp/hard/libg_nano.a(lib_a-atexit.o)
                              /usr/lib/gcc/arm-none-eabi/6.3.1/../../../arm-none-eabi/lib/thumb/v7e-m/fpv4-sp/hard/crt0.o (atexit)
/usr/lib/gcc/arm-none-eabi/6.3.1/../../../arm-none-eabi/lib/thumb/v7e-m/fpv4-sp/hard/libg_nano.a(lib_a-exit.o)
                              /usr/lib/gcc/arm-none-eabi/6.3.1/../../../arm-none-eabi/lib/thumb/v7e-m/fpv4-sp/hard/crt0.o (exit)
/usr/lib/gcc/arm-none-eabi/6.3.1/../../../arm-none-eabi/lib/thumb/v7e-m/fpv4-sp/hard/libg_nano.a(lib_a-fini.o)
                              /usr/lib/gcc/arm-none-eabi/6.3.1/../../../arm-none-eabi/lib/thumb/v7e-m/fpv4-sp/hard/crt0.o (__libc_fini_array)
/usr/lib/gcc/arm-none-eabi/6.3.1/../../../arm-none-eabi/lib/thumb/v7e-m/fpv4-sp/hard/libg_nano.a(lib_a-impure.o)
                              /usr/lib/gcc/arm-none-eabi/6.3.1/../../../arm-none-eabi/lib/thumb/v7e-m/fpv4-sp/hard/libg_nano.a(lib_a-exit.o) (_global_impure_ptr)
/usr/lib/gcc/arm-none-eabi/6.3.1/../../../arm-none-eabi/lib/thumb/v7e-m/fpv4-sp/hard/libg_nano.a(lib_a-init.o)
                              /usr/lib/gcc/arm-none-eabi/6.3.1/../../../arm-none-eabi/lib/thumb/v7e-m/fpv4-sp/hard/crt0.o (__libc_init_array)
/usr/lib/gcc/arm-none-eabi/6.3.1/../../../arm-none-eabi/lib/thumb/v7e-m/fpv4-sp/hard/libg_nano.a(lib_a-memcpy.o)
                              CMakeFiles/TEST_INTEGRATION.elf.dir/src/FreeRTOS/Source/queue.c.obj (memcpy)
/usr/lib/gcc/arm-none-eabi/6.3.1/../../../arm-none-eabi/lib/thumb/v7e-m/fpv4-sp/hard/libg_nano.a(lib_a-memset.o)
                              /usr/lib/gcc/arm-none-eabi/6.3.1/../../../arm-none-eabi/lib/thumb/v7e-m/fpv4-sp/hard/crt0.o (memset)
/usr/lib/gcc/arm-none-eabi/6.3.1/../../../arm-none-eabi/lib/thumb/v7e-m/fpv4-sp/hard/libg_nano.a(lib_a-__atexit.o)
                              /usr/lib/gcc/arm-none-eabi/6.3.1/../../../arm-none-eabi/lib/thumb/v7e-m/fpv4-sp/hard/libg_nano.a(lib_a-atexit.o) (__register_exitproc)
/usr/lib/gcc/arm-none-eabi/6.3.1/../../../arm-none-eabi/lib/thumb/v7e-m/fpv4-sp/hard/libg_nano.a(lib_a-__call_atexit.o)
                              /usr/lib/gcc/arm-none-eabi/6.3.1/../../../arm-none-eabi/lib/thumb/v7e-m/fpv4-sp/hard/libg_nano.a(lib_a-__atexit.o) (__call_exitprocs)

Discarded input sections

 .text          0x0000000000000000        0x0 /usr/lib/gcc/arm-none-eabi/6.3.1/thumb/v7e-m/fpv4-sp/hard/crti.o
 .data          0x0000000000000000        0x0 /usr/lib/gcc/arm-none-eabi/6.3.1/thumb/v7e-m/fpv4-sp/hard/crti.o
 .bss           0x0000000000000000        0x0 /usr/lib/gcc/arm-none-eabi/6.3.1/thumb/v7e-m/fpv4-sp/hard/crti.o
 .data          0x0000000000000000        0x4 /usr/lib/gcc/arm-none-eabi/6.3.1/thumb/v7e-m/fpv4-sp/hard/crtbegin.o
 .text          0x0000000000000000       0x68 /usr/lib/gcc/arm-none-eabi/6.3.1/../../../arm-none-eabi/lib/thumb/v7e-m/fpv4-sp/hard/crt0.o
 .data          0x0000000000000000        0x0 /usr/lib/gcc/arm-none-eabi/6.3.1/../../../arm-none-eabi/lib/thumb/v7e-m/fpv4-sp/hard/crt0.o
 .bss           0x0000000000000000        0x0 /usr/lib/gcc/arm-none-eabi/6.3.1/../../../arm-none-eabi/lib/thumb/v7e-m/fpv4-sp/hard/crt0.o
 .ARM.extab     0x0000000000000000        0x0 /usr/lib/gcc/arm-none-eabi/6.3.1/../../../arm-none-eabi/lib/thumb/v7e-m/fpv4-sp/hard/crt0.o
 .ARM.exidx     0x0000000000000000        0x8 /usr/lib/gcc/arm-none-eabi/6.3.1/../../../arm-none-eabi/lib/thumb/v7e-m/fpv4-sp/hard/crt0.o
 .debug_line    0x0000000000000000       0x84 /usr/lib/gcc/arm-none-eabi/6.3.1/../../../arm-none-eabi/lib/thumb/v7e-m/fpv4-sp/hard/crt0.o
 .debug_info    0x0000000000000000       0xb7 /usr/lib/gcc/arm-none-eabi/6.3.1/../../../arm-none-eabi/lib/thumb/v7e-m/fpv4-sp/hard/crt0.o
 .debug_abbrev  0x0000000000000000       0x14 /usr/lib/gcc/arm-none-eabi/6.3.1/../../../arm-none-eabi/lib/thumb/v7e-m/fpv4-sp/hard/crt0.o
 .debug_aranges
                0x0000000000000000       0x20 /usr/lib/gcc/arm-none-eabi/6.3.1/../../../arm-none-eabi/lib/thumb/v7e-m/fpv4-sp/hard/crt0.o
 .ARM.attributes
                0x0000000000000000       0x20 /usr/lib/gcc/arm-none-eabi/6.3.1/../../../arm-none-eabi/lib/thumb/v7e-m/fpv4-sp/hard/crt0.o
[...]
Memory Configuration

Name             Origin             Length             Attributes
rom              0x0000000000400000 0x0000000000200000 xr
ram              0x0000000020400000 0x0000000000060000 xrw
*default*        0x0000000000000000 0xffffffffffffffff

Linker script and memory map

LOAD /usr/lib/gcc/arm-none-eabi/6.3.1/thumb/v7e-m/fpv4-sp/hard/crti.o
LOAD /usr/lib/gcc/arm-none-eabi/6.3.1/thumb/v7e-m/fpv4-sp/hard/crtbegin.o
LOAD /usr/lib/gcc/arm-none-eabi/6.3.1/../../../arm-none-eabi/lib/thumb/v7e-m/fpv4-sp/hard/crt0.o
LOAD CMakeFiles/TEST_INTEGRATION.elf.dir/src/FreeRTOS/Source/FreeRTOS_tasks.c.obj
LOAD CMakeFiles/TEST_INTEGRATION.elf.dir/src/FreeRTOS/Source/croutine.c.obj
LOAD CMakeFiles/TEST_INTEGRATION.elf.dir/src/FreeRTOS/Source/event_groups.c.obj
LOAD CMakeFiles/TEST_INTEGRATION.elf.dir/src/FreeRTOS/Source/list.c.obj
LOAD CMakeFiles/TEST_INTEGRATION.elf.dir/src/FreeRTOS/Source/portable/GCC/SAM/CM7/port.c.obj
LOAD CMakeFiles/TEST_INTEGRATION.elf.dir/src/FreeRTOS/Source/portable/MemMang/heap_4.c.obj
LOAD CMakeFiles/TEST_INTEGRATION.elf.dir/src/FreeRTOS/Source/queue.c.obj
LOAD CMakeFiles/TEST_INTEGRATION.elf.dir/src/FreeRTOS/Source/stream_buffer.c.obj
LOAD CMakeFiles/TEST_INTEGRATION.elf.dir/src/FreeRTOS/Source/timers.c.obj
LOAD CMakeFiles/TEST_INTEGRATION.elf.dir/src/app.c.obj
LOAD CMakeFiles/TEST_INTEGRATION.elf.dir/src/config/default/exceptions.c.obj
LOAD CMakeFiles/TEST_INTEGRATION.elf.dir/src/config/default/initialization.c.obj
LOAD CMakeFiles/TEST_INTEGRATION.elf.dir/src/config/default/interrupts.c.obj
LOAD CMakeFiles/TEST_INTEGRATION.elf.dir/src/config/default/libc_syscalls.c.obj
LOAD CMakeFiles/TEST_INTEGRATION.elf.dir/src/config/default/peripheral/clk/plib_clk.c.obj
LOAD CMakeFiles/TEST_INTEGRATION.elf.dir/src/config/default/peripheral/efc/plib_efc.c.obj
LOAD CMakeFiles/TEST_INTEGRATION.elf.dir/src/config/default/peripheral/nvic/plib_nvic.c.obj
LOAD CMakeFiles/TEST_INTEGRATION.elf.dir/src/config/default/peripheral/pio/plib_pio.c.obj
LOAD CMakeFiles/TEST_INTEGRATION.elf.dir/src/config/default/peripheral/systick/plib_systick.c.obj
LOAD CMakeFiles/TEST_INTEGRATION.elf.dir/src/config/default/startup_gcc.c.obj
LOAD CMakeFiles/TEST_INTEGRATION.elf.dir/src/config/default/stdio/gcc_monitor.c.obj
LOAD CMakeFiles/TEST_INTEGRATION.elf.dir/src/config/default/system/cache/sys_cache.c.obj
LOAD CMakeFiles/TEST_INTEGRATION.elf.dir/src/config/default/system/int/src/sys_int.c.obj
LOAD CMakeFiles/TEST_INTEGRATION.elf.dir/src/config/default/system/time/src/sys_time.c.obj
LOAD CMakeFiles/TEST_INTEGRATION.elf.dir/src/config/default/tasks.c.obj
LOAD CMakeFiles/TEST_INTEGRATION.elf.dir/src/main.c.obj
START GROUP
LOAD /usr/lib/gcc/arm-none-eabi/6.3.1/thumb/v7e-m/fpv4-sp/hard/libgcc.a
LOAD /usr/lib/gcc/arm-none-eabi/6.3.1/../../../arm-none-eabi/lib/thumb/v7e-m/fpv4-sp/hard/libg_nano.a
LOAD /usr/lib/gcc/arm-none-eabi/6.3.1/../../../arm-none-eabi/lib/thumb/v7e-m/fpv4-sp/hard/libc_nano.a
END GROUP
START GROUP
LOAD /usr/lib/gcc/arm-none-eabi/6.3.1/thumb/v7e-m/fpv4-sp/hard/libgcc.a
LOAD /usr/lib/gcc/arm-none-eabi/6.3.1/../../../arm-none-eabi/lib/thumb/v7e-m/fpv4-sp/hard/libc_nano.a
LOAD /usr/lib/gcc/arm-none-eabi/6.3.1/../../../arm-none-eabi/lib/thumb/v7e-m/fpv4-sp/hard/libnosys.a
END GROUP
START GROUP
LOAD /usr/lib/gcc/arm-none-eabi/6.3.1/thumb/v7e-m/fpv4-sp/hard/libgcc.a
LOAD /usr/lib/gcc/arm-none-eabi/6.3.1/../../../arm-none-eabi/lib/thumb/v7e-m/fpv4-sp/hard/libc_nano.a
LOAD /usr/lib/gcc/arm-none-eabi/6.3.1/../../../arm-none-eabi/lib/thumb/v7e-m/fpv4-sp/hard/libnosys.a
END GROUP
LOAD /usr/lib/gcc/arm-none-eabi/6.3.1/thumb/v7e-m/fpv4-sp/hard/crtend.o
LOAD /usr/lib/gcc/arm-none-eabi/6.3.1/thumb/v7e-m/fpv4-sp/hard/crtn.o
                0x0000000000002000                STACK_SIZE = DEFINED (STACK_SIZE)?STACK_SIZE:DEFINED (__stack_size__)?__stack_size__:0x2000

.text           0x0000000000400000     0x21e0
                0x0000000000400000                . = ALIGN (0x4)
                0x0000000000400000                _sfixed = .
 *(.vectors .vectors.*)
 .vectors       0x0000000000400000      0x168 CMakeFiles/TEST_INTEGRATION.elf.dir/src/config/default/interrupts.c.obj
                0x0000000000400000                exception_table
 *(.text .text.* .gnu.linkonce.t.*)
 .text          0x0000000000400168       0xa4 /usr/lib/gcc/arm-none-eabi/6.3.1/thumb/v7e-m/fpv4-sp/hard/crtbegin.o
 .text.xTaskCreate
                0x000000000040020c       0x82 CMakeFiles/TEST_INTEGRATION.elf.dir/src/FreeRTOS/Source/FreeRTOS_tasks.c.obj
                0x000000000040020c                xTaskCreate
 .text.prvInitialiseNewTask
                0x000000000040028e      0x10e CMakeFiles/TEST_INTEGRATION.elf.dir/src/FreeRTOS/Source/FreeRTOS_tasks.c.obj
 .text.prvAddNewTaskToReadyList
                0x000000000040039c       0xd4 CMakeFiles/TEST_INTEGRATION.elf.dir/src/FreeRTOS/Source/FreeRTOS_tasks.c.obj
 .text.vTaskDelay
                0x0000000000400470       0x68 CMakeFiles/TEST_INTEGRATION.elf.dir/src/FreeRTOS/Source/FreeRTOS_tasks.c.obj
                0x0000000000400470                vTaskDelay
 .text.vTaskStartScheduler
                0x00000000004004d8       0x94 CMakeFiles/TEST_INTEGRATION.elf.dir/src/FreeRTOS/Source/FreeRTOS_tasks.c.obj
                0x00000000004004d8                vTaskStartScheduler
 .text.vTaskSuspendAll
                0x000000000040056c       0x1c CMakeFiles/TEST_INTEGRATION.elf.dir/src/FreeRTOS/Source/FreeRTOS_tasks.c.obj
                0x000000000040056c                vTaskSuspendAll
 .text.xTaskResumeAll
                0x0000000000400588      0x138 CMakeFiles/TEST_INTEGRATION.elf.dir/src/FreeRTOS/Source/FreeRTOS_tasks.c.obj
                0x0000000000400588                xTaskResumeAll
 .text.xTaskIncrementTick
                0x00000000004006c0      0x170 CMakeFiles/TEST_INTEGRATION.elf.dir/src/FreeRTOS/Source/FreeRTOS_tasks.c.obj
                0x00000000004006c0                xTaskIncrementTick
 .text.vTaskSwitchContext
                0x0000000000400830       0xb8 CMakeFiles/TEST_INTEGRATION.elf.dir/src/FreeRTOS/Source/FreeRTOS_tasks.c.obj
                0x0000000000400830                vTaskSwitchContext
 .text.prvIdleTask
                0x00000000004008e8       0x30 CMakeFiles/TEST_INTEGRATION.elf.dir/src/FreeRTOS/Source/FreeRTOS_tasks.c.obj
 .text.prvInitialiseTaskLists
                0x0000000000400918       0x80 CMakeFiles/TEST_INTEGRATION.elf.dir/src/FreeRTOS/Source/FreeRTOS_tasks.c.obj
 .text.prvCheckTasksWaitingTermination
                0x0000000000400998       0x58 CMakeFiles/TEST_INTEGRATION.elf.dir/src/FreeRTOS/Source/FreeRTOS_tasks.c.obj
 .text.prvDeleteTCB
                0x00000000004009f0       0x20 CMakeFiles/TEST_INTEGRATION.elf.dir/src/FreeRTOS/Source/FreeRTOS_tasks.c.obj
 .text.prvResetNextTaskUnblockTime
                0x0000000000400a10       0x40 CMakeFiles/TEST_INTEGRATION.elf.dir/src/FreeRTOS/Source/FreeRTOS_tasks.c.obj
 .text.prvAddCurrentTaskToDelayedList
                0x0000000000400a50       0xcc CMakeFiles/TEST_INTEGRATION.elf.dir/src/FreeRTOS/Source/FreeRTOS_tasks.c.obj
 .text.vListInitialise
                0x0000000000400b1c       0x40 CMakeFiles/TEST_INTEGRATION.elf.dir/src/FreeRTOS/Source/list.c.obj
                0x0000000000400b1c                vListInitialise
 .text.vListInitialiseItem
                0x0000000000400b5c       0x1a CMakeFiles/TEST_INTEGRATION.elf.dir/src/FreeRTOS/Source/list.c.obj
                0x0000000000400b5c                vListInitialiseItem
 .text.vListInsertEnd
                0x0000000000400b76       0x48 CMakeFiles/TEST_INTEGRATION.elf.dir/src/FreeRTOS/Source/list.c.obj
                0x0000000000400b76                vListInsertEnd
 .text.vListInsert
                0x0000000000400bbe       0x72 CMakeFiles/TEST_INTEGRATION.elf.dir/src/FreeRTOS/Source/list.c.obj
                0x0000000000400bbe                vListInsert
 .text.uxListRemove
                0x0000000000400c30       0x54 CMakeFiles/TEST_INTEGRATION.elf.dir/src/FreeRTOS/Source/list.c.obj
                0x0000000000400c30                uxListRemove
 .text.pxPortInitialiseStack
                0x0000000000400c84       0x68 CMakeFiles/TEST_INTEGRATION.elf.dir/src/FreeRTOS/Source/portable/GCC/SAM/CM7/port.c.obj
                0x0000000000400c84                pxPortInitialiseStack
 .text.prvTaskExitError
                0x0000000000400cec       0x58 CMakeFiles/TEST_INTEGRATION.elf.dir/src/FreeRTOS/Source/portable/GCC/SAM/CM7/port.c.obj
 *fill*         0x0000000000400d44        0xc 
 .text.SVCall_Handler
                0x0000000000400d50       0x28 CMakeFiles/TEST_INTEGRATION.elf.dir/src/FreeRTOS/Source/portable/GCC/SAM/CM7/port.c.obj
                0x0000000000400d50                SVCall_Handler
 .text.prvPortStartFirstTask
                0x0000000000400d78       0x2c CMakeFiles/TEST_INTEGRATION.elf.dir/src/FreeRTOS/Source/portable/GCC/SAM/CM7/port.c.obj
 .text.xPortStartScheduler
                0x0000000000400da4       0xd4 CMakeFiles/TEST_INTEGRATION.elf.dir/src/FreeRTOS/Source/portable/GCC/SAM/CM7/port.c.obj
                0x0000000000400da4                xPortStartScheduler
 .text.vPortEnterCritical
                0x0000000000400e78       0x64 CMakeFiles/TEST_INTEGRATION.elf.dir/src/FreeRTOS/Source/portable/GCC/SAM/CM7/port.c.obj
                0x0000000000400e78                vPortEnterCritical
 .text.vPortExitCritical
                0x0000000000400edc       0x50 CMakeFiles/TEST_INTEGRATION.elf.dir/src/FreeRTOS/Source/portable/GCC/SAM/CM7/port.c.obj
                0x0000000000400edc                vPortExitCritical
 *fill*         0x0000000000400f2c        0x4 
 .text.PendSV_Handler
                0x0000000000400f30       0x68 CMakeFiles/TEST_INTEGRATION.elf.dir/src/FreeRTOS/Source/portable/GCC/SAM/CM7/port.c.obj
                0x0000000000400f30                PendSV_Handler
 .text.SysTick_Handler
                0x0000000000400f98       0x44 CMakeFiles/TEST_INTEGRATION.elf.dir/src/FreeRTOS/Source/portable/GCC/SAM/CM7/port.c.obj
                0x0000000000400f98                SysTick_Handler
 .text.vPortSetupTimerInterrupt
                0x0000000000400fdc       0x38 CMakeFiles/TEST_INTEGRATION.elf.dir/src/FreeRTOS/Source/portable/GCC/SAM/CM7/port.c.obj
                0x0000000000400fdc                vPortSetupTimerInterrupt
 .text.vPortEnableVFP
                0x0000000000401014       0x18 CMakeFiles/TEST_INTEGRATION.elf.dir/src/FreeRTOS/Source/portable/GCC/SAM/CM7/port.c.obj
 .text.pvPortMalloc
                0x000000000040102c      0x1c4 CMakeFiles/TEST_INTEGRATION.elf.dir/src/FreeRTOS/Source/portable/MemMang/heap_4.c.obj
                0x000000000040102c                pvPortMalloc
 .text.vPortFree
                0x00000000004011f0       0xc4 CMakeFiles/TEST_INTEGRATION.elf.dir/src/FreeRTOS/Source/portable/MemMang/heap_4.c.obj
                0x00000000004011f0                vPortFree
 .text.prvHeapInit
                0x00000000004012b4       0xc4 CMakeFiles/TEST_INTEGRATION.elf.dir/src/FreeRTOS/Source/portable/MemMang/heap_4.c.obj
 .text.prvInsertBlockIntoFreeList
                0x0000000000401378       0xb4 CMakeFiles/TEST_INTEGRATION.elf.dir/src/FreeRTOS/Source/portable/MemMang/heap_4.c.obj
 .text.APP_Initialize
                0x000000000040142c       0x18 CMakeFiles/TEST_INTEGRATION.elf.dir/src/app.c.obj
                0x000000000040142c                APP_Initialize
 .text.APP_Tasks
                0x0000000000401444       0x3c CMakeFiles/TEST_INTEGRATION.elf.dir/src/app.c.obj
                0x0000000000401444                APP_Tasks
 .text.NonMaskableInt_Handler
                0x0000000000401480        0x6 CMakeFiles/TEST_INTEGRATION.elf.dir/src/config/default/exceptions.c.obj
                0x0000000000401480                NonMaskableInt_Handler
 .text.HardFault_Handler
                0x0000000000401486        0x6 CMakeFiles/TEST_INTEGRATION.elf.dir/src/config/default/exceptions.c.obj
                0x0000000000401486                HardFault_Handler
 .text.DebugMonitor_Handler
                0x000000000040148c        0x6 CMakeFiles/TEST_INTEGRATION.elf.dir/src/config/default/exceptions.c.obj
                0x000000000040148c                DebugMonitor_Handler
 .text.MemoryManagement_Handler
                0x0000000000401492        0x6 CMakeFiles/TEST_INTEGRATION.elf.dir/src/config/default/exceptions.c.obj
                0x0000000000401492                MemoryManagement_Handler
 .text.BusFault_Handler
                0x0000000000401498        0x6 CMakeFiles/TEST_INTEGRATION.elf.dir/src/config/default/exceptions.c.obj
                0x0000000000401498                BusFault_Handler
 .text.UsageFault_Handler
                0x000000000040149e        0x6 CMakeFiles/TEST_INTEGRATION.elf.dir/src/config/default/exceptions.c.obj
                0x000000000040149e                UsageFault_Handler
 .text.SYS_Initialize
                0x00000000004014a4       0x58 CMakeFiles/TEST_INTEGRATION.elf.dir/src/config/default/initialization.c.obj
                0x00000000004014a4                SYS_Initialize
 .text.Dummy_Handler
                0x00000000004014fc        0x2 CMakeFiles/TEST_INTEGRATION.elf.dir/src/config/default/interrupts.c.obj
                0x00000000004014fc                DACC_Handler
                0x00000000004014fc                TC0_CH2_Handler
                0x00000000004014fc                TC3_CH1_Handler
                0x00000000004014fc                UART3_Handler
                0x00000000004014fc                UART2_Handler
                0x00000000004014fc                TRNG_Handler
                0x00000000004014fc                AFEC1_Handler
                0x00000000004014fc                TC0_CH1_Handler
                0x00000000004014fc                QSPI_Handler
                0x00000000004014fc                ISI_Handler
                0x00000000004014fc                MCAN0_INT0_Handler
                0x00000000004014fc                RSWDT_Handler
                0x00000000004014fc                USART0_Handler
                0x00000000004014fc                TC1_CH2_Handler
                0x00000000004014fc                RTT_Handler
                0x00000000004014fc                USBHS_Handler
                0x00000000004014fc                IXC_Handler
                0x00000000004014fc                CCF_Handler
                0x00000000004014fc                PIOB_Handler
                0x00000000004014fc                RTC_Handler
                0x00000000004014fc                WDT_Handler
                0x00000000004014fc                MCAN1_INT1_Handler
                0x00000000004014fc                HSMCI_Handler
                0x00000000004014fc                UART1_Handler
                0x00000000004014fc                Dummy_Handler
                0x00000000004014fc                TWIHS1_Handler
                0x00000000004014fc                TC3_CH2_Handler
                0x00000000004014fc                XDMAC_Handler
                0x00000000004014fc                UART4_Handler
                0x00000000004014fc                TC2_CH0_Handler
                0x00000000004014fc                PWM1_Handler
                0x00000000004014fc                USART1_Handler
                0x00000000004014fc                PWM0_Handler
                0x00000000004014fc                PIOA_Handler
                0x00000000004014fc                AFEC0_Handler
                0x00000000004014fc                CCW_Handler
                0x00000000004014fc                TC3_CH0_Handler
                0x00000000004014fc                SSC_Handler
                0x00000000004014fc                TC1_CH0_Handler
                0x00000000004014fc                ACC_Handler
                0x00000000004014fc                PMC_Handler
                0x00000000004014fc                GMAC_Handler
                0x00000000004014fc                TC2_CH2_Handler
                0x00000000004014fc                MCAN0_INT1_Handler
                0x00000000004014fc                GMAC_Q5_Handler
                0x00000000004014fc                SUPC_Handler
                0x00000000004014fc                TC2_CH1_Handler
                0x00000000004014fc                MCAN1_INT0_Handler
                0x00000000004014fc                EFC_Handler
                0x00000000004014fc                GMAC_Q1_Handler
                0x00000000004014fc                USART2_Handler
                0x00000000004014fc                SDRAMC_Handler
                0x00000000004014fc                GMAC_Q2_Handler
                0x00000000004014fc                PIOE_Handler
                0x00000000004014fc                SPI1_Handler
                0x00000000004014fc                TC1_CH1_Handler
                0x00000000004014fc                GMAC_Q3_Handler
                0x00000000004014fc                PIOD_Handler
                0x00000000004014fc                TWIHS2_Handler
                0x00000000004014fc                MLB_Handler
                0x00000000004014fc                I2SC0_Handler
                0x00000000004014fc                UART0_Handler
                0x00000000004014fc                I2SC1_Handler
                0x00000000004014fc                TC0_CH0_Handler
                0x00000000004014fc                PIOC_Handler
                0x00000000004014fc                GMAC_Q4_Handler
                0x00000000004014fc                FPU_Handler
                0x00000000004014fc                RSTC_Handler
                0x00000000004014fc                ICM_Handler
                0x00000000004014fc                AES_Handler
                0x00000000004014fc                TWIHS0_Handler
                0x00000000004014fc                SPI0_Handler
 *fill*         0x00000000004014fe        0x2 
 .text.CLK_PLLAInitialize
                0x0000000000401500       0x2c CMakeFiles/TEST_INTEGRATION.elf.dir/src/config/default/peripheral/clk/plib_clk.c.obj
 .text.CLK_MasterClockInitialize
                0x000000000040152c       0x68 CMakeFiles/TEST_INTEGRATION.elf.dir/src/config/default/peripheral/clk/plib_clk.c.obj
 .text.CLOCK_Initialize
                0x0000000000401594       0x1c CMakeFiles/TEST_INTEGRATION.elf.dir/src/config/default/peripheral/clk/plib_clk.c.obj
                0x0000000000401594                CLOCK_Initialize
 .text.EFC_Initialize
                0x00000000004015b0       0x1c CMakeFiles/TEST_INTEGRATION.elf.dir/src/config/default/peripheral/efc/plib_efc.c.obj
                0x00000000004015b0                EFC_Initialize
 .text.__NVIC_SetPriorityGrouping
                0x00000000004015cc       0x48 CMakeFiles/TEST_INTEGRATION.elf.dir/src/config/default/peripheral/nvic/plib_nvic.c.obj
 .text.NVIC_Initialize
                0x0000000000401614       0x14 CMakeFiles/TEST_INTEGRATION.elf.dir/src/config/default/peripheral/nvic/plib_nvic.c.obj
                0x0000000000401614                NVIC_Initialize
 .text.NVIC_INT_Disable
                0x0000000000401628       0x2c CMakeFiles/TEST_INTEGRATION.elf.dir/src/config/default/peripheral/nvic/plib_nvic.c.obj
                0x0000000000401628                NVIC_INT_Disable
 .text.NVIC_INT_Restore
                0x0000000000401654       0x2a CMakeFiles/TEST_INTEGRATION.elf.dir/src/config/default/peripheral/nvic/plib_nvic.c.obj
                0x0000000000401654                NVIC_INT_Restore
 *fill*         0x000000000040167e        0x2 
 .text.PIO_Initialize
                0x0000000000401680      0x198 CMakeFiles/TEST_INTEGRATION.elf.dir/src/config/default/peripheral/pio/plib_pio.c.obj
                0x0000000000401680                PIO_Initialize
 .text.PIO_PortRead
                0x0000000000401818       0x18 CMakeFiles/TEST_INTEGRATION.elf.dir/src/config/default/peripheral/pio/plib_pio.c.obj
                0x0000000000401818                PIO_PortRead
 .text.PIO_PortToggle
                0x0000000000401830       0x22 CMakeFiles/TEST_INTEGRATION.elf.dir/src/config/default/peripheral/pio/plib_pio.c.obj
                0x0000000000401830                PIO_PortToggle
 *fill*         0x0000000000401852        0x2 
 .text.SYSTICK_TimerInitialize
                0x0000000000401854       0x40 CMakeFiles/TEST_INTEGRATION.elf.dir/src/config/default/peripheral/systick/plib_systick.c.obj
                0x0000000000401854                SYSTICK_TimerInitialize
 .text.SYSTICK_TimerStart
                0x0000000000401894       0x24 CMakeFiles/TEST_INTEGRATION.elf.dir/src/config/default/peripheral/systick/plib_systick.c.obj
                0x0000000000401894                SYSTICK_TimerStart
 .text.SYSTICK_TimerStop
                0x00000000004018b8       0x20 CMakeFiles/TEST_INTEGRATION.elf.dir/src/config/default/peripheral/systick/plib_systick.c.obj
                0x00000000004018b8                SYSTICK_TimerStop
 .text.SYSTICK_TimerPeriodSet
                0x00000000004018d8       0x20 CMakeFiles/TEST_INTEGRATION.elf.dir/src/config/default/peripheral/systick/plib_systick.c.obj
                0x00000000004018d8                SYSTICK_TimerPeriodSet
 .text.SYSTICK_TimerFrequencyGet
                0x00000000004018f8       0x14 CMakeFiles/TEST_INTEGRATION.elf.dir/src/config/default/peripheral/systick/plib_systick.c.obj
                0x00000000004018f8                SYSTICK_TimerFrequencyGet
 .text.SYSTICK_TimerInterruptDisable
                0x000000000040190c       0x18 CMakeFiles/TEST_INTEGRATION.elf.dir/src/config/default/peripheral/systick/plib_systick.c.obj
                0x000000000040190c                SYSTICK_TimerInterruptDisable
 .text.SYSTICK_TimerInterruptEnable
                0x0000000000401924       0x44 CMakeFiles/TEST_INTEGRATION.elf.dir/src/config/default/peripheral/systick/plib_systick.c.obj
                0x0000000000401924                SYSTICK_TimerInterruptEnable
 .text.SYSTICK_TimerCallbackSet
                0x0000000000401968       0x28 CMakeFiles/TEST_INTEGRATION.elf.dir/src/config/default/peripheral/systick/plib_systick.c.obj
                0x0000000000401968                SYSTICK_TimerCallbackSet
 .text.Reset_Handler
                0x0000000000401990       0x7c CMakeFiles/TEST_INTEGRATION.elf.dir/src/config/default/startup_gcc.c.obj
                0x0000000000401990                Reset_Handler
 .text.SYS_TIME_ResourceLock
                0x0000000000401a0c       0x54 CMakeFiles/TEST_INTEGRATION.elf.dir/src/config/default/system/time/src/sys_time.c.obj
 .text.SYS_TIME_ResourceUnlock
                0x0000000000401a60       0x30 CMakeFiles/TEST_INTEGRATION.elf.dir/src/config/default/system/time/src/sys_time.c.obj
 .text.SYS_TIME_GetTimerObject
                0x0000000000401a90       0x58 CMakeFiles/TEST_INTEGRATION.elf.dir/src/config/default/system/time/src/sys_time.c.obj
 .text.SYS_TIME_Counter32Update
                0x0000000000401ae8       0x40 CMakeFiles/TEST_INTEGRATION.elf.dir/src/config/default/system/time/src/sys_time.c.obj
 .text.SYS_TIME_Counter64Update
                0x0000000000401b28       0x38 CMakeFiles/TEST_INTEGRATION.elf.dir/src/config/default/system/time/src/sys_time.c.obj
 .text.SYS_TIME_RemoveFromList
                0x0000000000401b60       0x8c CMakeFiles/TEST_INTEGRATION.elf.dir/src/config/default/system/time/src/sys_time.c.obj
 .text.SYS_TIME_AddToList
                0x0000000000401bec       0xec CMakeFiles/TEST_INTEGRATION.elf.dir/src/config/default/system/time/src/sys_time.c.obj
 .text.SYS_TIME_ClientNotify
                0x0000000000401cd8       0x88 CMakeFiles/TEST_INTEGRATION.elf.dir/src/config/default/system/time/src/sys_time.c.obj
 .text.SYS_TIME_UpdateTime
                0x0000000000401d60       0xa8 CMakeFiles/TEST_INTEGRATION.elf.dir/src/config/default/system/time/src/sys_time.c.obj
 .text.SYS_TIME_PLIBCallback
                0x0000000000401e08       0x48 CMakeFiles/TEST_INTEGRATION.elf.dir/src/config/default/system/time/src/sys_time.c.obj
 .text.SYS_TIME_CounterInit
                0x0000000000401e50       0x68 CMakeFiles/TEST_INTEGRATION.elf.dir/src/config/default/system/time/src/sys_time.c.obj
 .text.SYS_TIME_Initialize
                0x0000000000401eb8       0x60 CMakeFiles/TEST_INTEGRATION.elf.dir/src/config/default/system/time/src/sys_time.c.obj
                0x0000000000401eb8                SYS_TIME_Initialize
 .text.SYS_TIME_TimerDestroy
                0x0000000000401f18       0x6a CMakeFiles/TEST_INTEGRATION.elf.dir/src/config/default/system/time/src/sys_time.c.obj
                0x0000000000401f18                SYS_TIME_TimerDestroy
 .text.SYS_Tasks
                0x0000000000401f82        0xc CMakeFiles/TEST_INTEGRATION.elf.dir/src/config/default/tasks.c.obj
                0x0000000000401f82                SYS_Tasks
 *fill*         0x0000000000401f8e        0x2 
 .text.PIO_PinRead
                0x0000000000401f90       0x48 CMakeFiles/TEST_INTEGRATION.elf.dir/src/main.c.obj
 .text.PIO_PinToggle
                0x0000000000401fd8       0x3c CMakeFiles/TEST_INTEGRATION.elf.dir/src/main.c.obj
 .text.xTask1Code
                0x0000000000402014       0x10 CMakeFiles/TEST_INTEGRATION.elf.dir/src/main.c.obj
                0x0000000000402014                xTask1Code
 .text.xTask2Code
                0x0000000000402024       0x24 CMakeFiles/TEST_INTEGRATION.elf.dir/src/main.c.obj
                0x0000000000402024                xTask2Code
 .text.main     0x0000000000402048       0x50 CMakeFiles/TEST_INTEGRATION.elf.dir/src/main.c.obj
                0x0000000000402048                main
 .text          0x0000000000402098       0x50 /usr/lib/gcc/arm-none-eabi/6.3.1/../../../arm-none-eabi/lib/thumb/v7e-m/fpv4-sp/hard/libg_nano.a(lib_a-init.o)
                0x0000000000402098                __libc_init_array
 .text          0x00000000004020e8       0x9c /usr/lib/gcc/arm-none-eabi/6.3.1/../../../arm-none-eabi/lib/thumb/v7e-m/fpv4-sp/hard/libg_nano.a(lib_a-memset.o)
                0x00000000004020e8                memset
 *(.glue_7t)
 .glue_7t       0x0000000000402184        0x0 linker stubs
 *(.glue_7)
 .glue_7        0x0000000000402184        0x0 linker stubs
 *(.rodata .rodata* .gnu.linkonce.r.*)
 .rodata        0x0000000000402184        0x5 CMakeFiles/TEST_INTEGRATION.elf.dir/src/FreeRTOS/Source/FreeRTOS_tasks.c.obj
 *fill*         0x0000000000402189        0x3 
 .rodata.sysTimePlibAPI
                0x000000000040218c       0x1c CMakeFiles/TEST_INTEGRATION.elf.dir/src/config/default/initialization.c.obj
                0x000000000040218c                sysTimePlibAPI
 .rodata.sysTimeInitData
                0x00000000004021a8        0x8 CMakeFiles/TEST_INTEGRATION.elf.dir/src/config/default/initialization.c.obj
                0x00000000004021a8                sysTimeInitData
 .rodata        0x00000000004021b0        0xe CMakeFiles/TEST_INTEGRATION.elf.dir/src/main.c.obj
 *(.ARM.extab* .gnu.linkonce.armextab.*)
                0x00000000004021c0                . = ALIGN (0x4)
 *fill*         0x00000000004021be        0x2 
 *(.init)
 .init          0x00000000004021c0        0x4 /usr/lib/gcc/arm-none-eabi/6.3.1/thumb/v7e-m/fpv4-sp/hard/crti.o
                0x00000000004021c0                _init
 .init          0x00000000004021c4        0x8 /usr/lib/gcc/arm-none-eabi/6.3.1/thumb/v7e-m/fpv4-sp/hard/crtn.o
                0x00000000004021cc                . = ALIGN (0x4)
                0x00000000004021cc                __preinit_array_start = .
 *(.preinit_array)
                0x00000000004021cc                __preinit_array_end = .
                0x00000000004021cc                . = ALIGN (0x4)
                0x00000000004021cc                __init_array_start = .
 *(SORT(.init_array.*))
 *(.init_array)
 .init_array    0x00000000004021cc        0x4 /usr/lib/gcc/arm-none-eabi/6.3.1/thumb/v7e-m/fpv4-sp/hard/crtbegin.o
                0x00000000004021d0                __init_array_end = .
                0x00000000004021d0                . = ALIGN (0x4)
 *crtbegin.o(.ctors)
 *(EXCLUDE_FILE(*crtend.o) .ctors)
 *(SORT(.ctors.*))
 *crtend.o(.ctors)
                0x00000000004021d0                . = ALIGN (0x4)
 *(.fini)
 .fini          0x00000000004021d0        0x4 /usr/lib/gcc/arm-none-eabi/6.3.1/thumb/v7e-m/fpv4-sp/hard/crti.o
                0x00000000004021d0                _fini
 .fini          0x00000000004021d4        0x8 /usr/lib/gcc/arm-none-eabi/6.3.1/thumb/v7e-m/fpv4-sp/hard/crtn.o
                0x00000000004021dc                . = ALIGN (0x4)
                0x00000000004021dc                __fini_array_start = .
 *(.fini_array)
 .fini_array    0x00000000004021dc        0x4 /usr/lib/gcc/arm-none-eabi/6.3.1/thumb/v7e-m/fpv4-sp/hard/crtbegin.o
 *(SORT(.fini_array.*))
                0x00000000004021e0                __fini_array_end = .
 *crtbegin.o(.dtors)
 *(EXCLUDE_FILE(*crtend.o) .dtors)
 *(SORT(.dtors.*))
 *crtend.o(.dtors)
                0x00000000004021e0                . = ALIGN (0x4)
                0x00000000004021e0                _efixed = .
                [!provide]                        PROVIDE (__exidx_start, .)

.vfp11_veneer   0x00000000004021e0        0x0
 .vfp11_veneer  0x00000000004021e0        0x0 linker stubs

.v4_bx          0x00000000004021e0        0x0
 .v4_bx         0x00000000004021e0        0x0 linker stubs

.iplt           0x00000000004021e0        0x0
 .iplt          0x00000000004021e0        0x0 /usr/lib/gcc/arm-none-eabi/6.3.1/thumb/v7e-m/fpv4-sp/hard/crtbegin.o

.eh_frame       0x00000000004021e0        0x0
 .eh_frame      0x00000000004021e0        0x0 /usr/lib/gcc/arm-none-eabi/6.3.1/thumb/v7e-m/fpv4-sp/hard/crtbegin.o

.rel.dyn        0x00000000004021e0        0x0
 .rel.iplt      0x00000000004021e0        0x0 /usr/lib/gcc/arm-none-eabi/6.3.1/thumb/v7e-m/fpv4-sp/hard/crtbegin.o

.jcr            0x00000000004021e0        0x0
 .jcr           0x00000000004021e0        0x0 /usr/lib/gcc/arm-none-eabi/6.3.1/thumb/v7e-m/fpv4-sp/hard/crtbegin.o

.tm_clone_table
                0x00000000004021e0        0x0
 .tm_clone_table
                0x00000000004021e0        0x0 /usr/lib/gcc/arm-none-eabi/6.3.1/thumb/v7e-m/fpv4-sp/hard/crtbegin.o
 .tm_clone_table
                0x00000000004021e0        0x0 /usr/lib/gcc/arm-none-eabi/6.3.1/thumb/v7e-m/fpv4-sp/hard/crtend.o

.igot.plt       0x00000000004021e0        0x0
 .igot.plt      0x00000000004021e0        0x0 /usr/lib/gcc/arm-none-eabi/6.3.1/thumb/v7e-m/fpv4-sp/hard/crtbegin.o

.ARM.exidx
 *(.ARM.exidx* .gnu.linkonce.armexidx.*)
                [!provide]                        PROVIDE (__exidx_end, .)
                0x00000000004021e0                . = ALIGN (0x4)
                0x00000000004021e0                _etext = .

.relocate       0x0000000020400000        0x4 load address 0x00000000004021e0
                0x0000000020400000                . = ALIGN (0x4)
                0x0000000020400000                _srelocate = .
 *(.ramfunc .ramfunc.*)
 *(.data .data.*)
 .data.uxCriticalNesting
                0x0000000020400000        0x4 CMakeFiles/TEST_INTEGRATION.elf.dir/src/FreeRTOS/Source/portable/GCC/SAM/CM7/port.c.obj
                0x0000000020400004                . = ALIGN (0x4)
                0x0000000020400004                _erelocate = .

.bss            0x0000000020400004     0xa228 load address 0x00000000004021e4
                0x0000000020400004                . = ALIGN (0x4)
                0x0000000020400004                _sbss = .
                0x0000000020400004                _szero = .
 *(.bss .bss.*)
 .bss           0x0000000020400004       0x1c /usr/lib/gcc/arm-none-eabi/6.3.1/thumb/v7e-m/fpv4-sp/hard/crtbegin.o
 .bss.pxCurrentTCB
                0x0000000020400020        0x4 CMakeFiles/TEST_INTEGRATION.elf.dir/src/FreeRTOS/Source/FreeRTOS_tasks.c.obj
                0x0000000020400020                pxCurrentTCB
 .bss.pxReadyTasksLists
                0x0000000020400024       0x64 CMakeFiles/TEST_INTEGRATION.elf.dir/src/FreeRTOS/Source/FreeRTOS_tasks.c.obj
 .bss.xDelayedTaskList1
                0x0000000020400088       0x14 CMakeFiles/TEST_INTEGRATION.elf.dir/src/FreeRTOS/Source/FreeRTOS_tasks.c.obj
 .bss.xDelayedTaskList2
                0x000000002040009c       0x14 CMakeFiles/TEST_INTEGRATION.elf.dir/src/FreeRTOS/Source/FreeRTOS_tasks.c.obj
 .bss.pxDelayedTaskList
                0x00000000204000b0        0x4 CMakeFiles/TEST_INTEGRATION.elf.dir/src/FreeRTOS/Source/FreeRTOS_tasks.c.obj
 .bss.pxOverflowDelayedTaskList
                0x00000000204000b4        0x4 CMakeFiles/TEST_INTEGRATION.elf.dir/src/FreeRTOS/Source/FreeRTOS_tasks.c.obj
 .bss.xPendingReadyList
                0x00000000204000b8       0x14 CMakeFiles/TEST_INTEGRATION.elf.dir/src/FreeRTOS/Source/FreeRTOS_tasks.c.obj
 .bss.xTasksWaitingTermination
                0x00000000204000cc       0x14 CMakeFiles/TEST_INTEGRATION.elf.dir/src/FreeRTOS/Source/FreeRTOS_tasks.c.obj
 .bss.uxDeletedTasksWaitingCleanUp
                0x00000000204000e0        0x4 CMakeFiles/TEST_INTEGRATION.elf.dir/src/FreeRTOS/Source/FreeRTOS_tasks.c.obj
 .bss.xSuspendedTaskList
                0x00000000204000e4       0x14 CMakeFiles/TEST_INTEGRATION.elf.dir/src/FreeRTOS/Source/FreeRTOS_tasks.c.obj
 .bss.uxCurrentNumberOfTasks
                0x00000000204000f8        0x4 CMakeFiles/TEST_INTEGRATION.elf.dir/src/FreeRTOS/Source/FreeRTOS_tasks.c.obj
 .bss.xTickCount
                0x00000000204000fc        0x4 CMakeFiles/TEST_INTEGRATION.elf.dir/src/FreeRTOS/Source/FreeRTOS_tasks.c.obj
 .bss.uxTopReadyPriority
                0x0000000020400100        0x4 CMakeFiles/TEST_INTEGRATION.elf.dir/src/FreeRTOS/Source/FreeRTOS_tasks.c.obj
 .bss.xSchedulerRunning
                0x0000000020400104        0x4 CMakeFiles/TEST_INTEGRATION.elf.dir/src/FreeRTOS/Source/FreeRTOS_tasks.c.obj
 .bss.xPendedTicks
                0x0000000020400108        0x4 CMakeFiles/TEST_INTEGRATION.elf.dir/src/FreeRTOS/Source/FreeRTOS_tasks.c.obj
 .bss.xYieldPending
                0x000000002040010c        0x4 CMakeFiles/TEST_INTEGRATION.elf.dir/src/FreeRTOS/Source/FreeRTOS_tasks.c.obj
 .bss.xNumOfOverflows
                0x0000000020400110        0x4 CMakeFiles/TEST_INTEGRATION.elf.dir/src/FreeRTOS/Source/FreeRTOS_tasks.c.obj
 .bss.uxTaskNumber
                0x0000000020400114        0x4 CMakeFiles/TEST_INTEGRATION.elf.dir/src/FreeRTOS/Source/FreeRTOS_tasks.c.obj
 .bss.xNextTaskUnblockTime
                0x0000000020400118        0x4 CMakeFiles/TEST_INTEGRATION.elf.dir/src/FreeRTOS/Source/FreeRTOS_tasks.c.obj
 .bss.xIdleTaskHandle
                0x000000002040011c        0x4 CMakeFiles/TEST_INTEGRATION.elf.dir/src/FreeRTOS/Source/FreeRTOS_tasks.c.obj
 .bss.uxSchedulerSuspended
                0x0000000020400120        0x4 CMakeFiles/TEST_INTEGRATION.elf.dir/src/FreeRTOS/Source/FreeRTOS_tasks.c.obj
 .bss.ucMaxSysCallPriority
                0x0000000020400124        0x1 CMakeFiles/TEST_INTEGRATION.elf.dir/src/FreeRTOS/Source/portable/GCC/SAM/CM7/port.c.obj
 *fill*         0x0000000020400125        0x3 
 .bss.ulMaxPRIGROUPValue
                0x0000000020400128        0x4 CMakeFiles/TEST_INTEGRATION.elf.dir/src/FreeRTOS/Source/portable/GCC/SAM/CM7/port.c.obj
 .bss.ucHeap    0x000000002040012c     0xa000 CMakeFiles/TEST_INTEGRATION.elf.dir/src/FreeRTOS/Source/portable/MemMang/heap_4.c.obj
 .bss.xStart    0x000000002040a12c        0x8 CMakeFiles/TEST_INTEGRATION.elf.dir/src/FreeRTOS/Source/portable/MemMang/heap_4.c.obj
 .bss.pxEnd     0x000000002040a134        0x4 CMakeFiles/TEST_INTEGRATION.elf.dir/src/FreeRTOS/Source/portable/MemMang/heap_4.c.obj
 .bss.xFreeBytesRemaining
                0x000000002040a138        0x4 CMakeFiles/TEST_INTEGRATION.elf.dir/src/FreeRTOS/Source/portable/MemMang/heap_4.c.obj
 .bss.xMinimumEverFreeBytesRemaining
                0x000000002040a13c        0x4 CMakeFiles/TEST_INTEGRATION.elf.dir/src/FreeRTOS/Source/portable/MemMang/heap_4.c.obj
 .bss.xNumberOfSuccessfulAllocations
                0x000000002040a140        0x4 CMakeFiles/TEST_INTEGRATION.elf.dir/src/FreeRTOS/Source/portable/MemMang/heap_4.c.obj
 .bss.xNumberOfSuccessfulFrees
                0x000000002040a144        0x4 CMakeFiles/TEST_INTEGRATION.elf.dir/src/FreeRTOS/Source/portable/MemMang/heap_4.c.obj
 .bss.xBlockAllocatedBit
                0x000000002040a148        0x4 CMakeFiles/TEST_INTEGRATION.elf.dir/src/FreeRTOS/Source/portable/MemMang/heap_4.c.obj
 .bss.appData   0x000000002040a14c        0x1 CMakeFiles/TEST_INTEGRATION.elf.dir/src/app.c.obj
                0x000000002040a14c                appData
 *fill*         0x000000002040a14d        0x3 
 .bss.sysObj    0x000000002040a150        0x4 CMakeFiles/TEST_INTEGRATION.elf.dir/src/config/default/initialization.c.obj
                0x000000002040a150                sysObj
 .bss.systick   0x000000002040a154        0xc CMakeFiles/TEST_INTEGRATION.elf.dir/src/config/default/peripheral/systick/plib_systick.c.obj
 .bss.gSystemCounterObj
                0x000000002040a160       0x28 CMakeFiles/TEST_INTEGRATION.elf.dir/src/config/default/system/time/src/sys_time.c.obj
 .bss.timers    0x000000002040a188       0xa0 CMakeFiles/TEST_INTEGRATION.elf.dir/src/config/default/system/time/src/sys_time.c.obj
 .bss.pinval    0x000000002040a228        0x1 CMakeFiles/TEST_INTEGRATION.elf.dir/src/main.c.obj
                0x000000002040a228                pinval
 *(COMMON)
                0x000000002040a22c                . = ALIGN (0x4)
 *fill*         0x000000002040a229        0x3 
                0x000000002040a22c                _ebss = .
                0x000000002040a22c                _ezero = .

.stack          0x000000002040a22c     0x2004 load address 0x000000000040c40c
                0x000000002040a230                . = ALIGN (0x8)
 *fill*         0x000000002040a22c        0x4 
                0x000000002040a230                _sstack = .
                0x000000002040c230                . = (. + STACK_SIZE)
 *fill*         0x000000002040a230     0x2000 
                0x000000002040c230                . = ALIGN (0x8)
                0x000000002040c230                _stack = .
                0x000000002040c230                . = ALIGN (0x4)
                0x000000002040c230                _end = .
OUTPUT(TEST_INTEGRATION.elf elf32-littlearm)

.ARM.attributes
                0x0000000000000000       0x30
 .ARM.attributes
                0x0000000000000000       0x22 /usr/lib/gcc/arm-none-eabi/6.3.1/thumb/v7e-m/fpv4-sp/hard/crti.o
 .ARM.attributes
                0x0000000000000022       0x34 /usr/lib/gcc/arm-none-eabi/6.3.1/thumb/v7e-m/fpv4-sp/hard/crtbegin.o
 .ARM.attributes
                0x0000000000000056       0x39 CMakeFiles/TEST_INTEGRATION.elf.dir/src/FreeRTOS/Source/FreeRTOS_tasks.c.obj
 .ARM.attributes
                0x000000000000008f       0x39 CMakeFiles/TEST_INTEGRATION.elf.dir/src/FreeRTOS/Source/list.c.obj
 .ARM.attributes
                0x00000000000000c8       0x39 CMakeFiles/TEST_INTEGRATION.elf.dir/src/FreeRTOS/Source/portable/GCC/SAM/CM7/port.c.obj
 .ARM.attributes
                0x0000000000000101       0x39 CMakeFiles/TEST_INTEGRATION.elf.dir/src/FreeRTOS/Source/portable/MemMang/heap_4.c.obj
 .ARM.attributes
                0x000000000000013a       0x39 CMakeFiles/TEST_INTEGRATION.elf.dir/src/app.c.obj
 .ARM.attributes
                0x0000000000000173       0x39 CMakeFiles/TEST_INTEGRATION.elf.dir/src/config/default/exceptions.c.obj
 .ARM.attributes
                0x00000000000001ac       0x39 CMakeFiles/TEST_INTEGRATION.elf.dir/src/config/default/initialization.c.obj
 .ARM.attributes
                0x00000000000001e5       0x39 CMakeFiles/TEST_INTEGRATION.elf.dir/src/config/default/interrupts.c.obj
 .ARM.attributes
                0x000000000000021e       0x39 CMakeFiles/TEST_INTEGRATION.elf.dir/src/config/default/peripheral/clk/plib_clk.c.obj
 .ARM.attributes
                0x0000000000000257       0x39 CMakeFiles/TEST_INTEGRATION.elf.dir/src/config/default/peripheral/efc/plib_efc.c.obj
 .ARM.attributes
                0x0000000000000290       0x39 CMakeFiles/TEST_INTEGRATION.elf.dir/src/config/default/peripheral/nvic/plib_nvic.c.obj
 .ARM.attributes
                0x00000000000002c9       0x39 CMakeFiles/TEST_INTEGRATION.elf.dir/src/config/default/peripheral/pio/plib_pio.c.obj
 .ARM.attributes
                0x0000000000000302       0x39 CMakeFiles/TEST_INTEGRATION.elf.dir/src/config/default/peripheral/systick/plib_systick.c.obj
 .ARM.attributes
                0x000000000000033b       0x39 CMakeFiles/TEST_INTEGRATION.elf.dir/src/config/default/startup_gcc.c.obj
 .ARM.attributes
                0x0000000000000374       0x39 CMakeFiles/TEST_INTEGRATION.elf.dir/src/config/default/system/time/src/sys_time.c.obj
 .ARM.attributes
                0x00000000000003ad       0x39 CMakeFiles/TEST_INTEGRATION.elf.dir/src/config/default/tasks.c.obj
 .ARM.attributes
                0x00000000000003e6       0x39 CMakeFiles/TEST_INTEGRATION.elf.dir/src/main.c.obj
 .ARM.attributes
                0x000000000000041f       0x34 /usr/lib/gcc/arm-none-eabi/6.3.1/../../../arm-none-eabi/lib/thumb/v7e-m/fpv4-sp/hard/libg_nano.a(lib_a-init.o)
 .ARM.attributes
                0x0000000000000453       0x34 /usr/lib/gcc/arm-none-eabi/6.3.1/../../../arm-none-eabi/lib/thumb/v7e-m/fpv4-sp/hard/libg_nano.a(lib_a-memset.o)
 .ARM.attributes
                0x0000000000000487       0x34 /usr/lib/gcc/arm-none-eabi/6.3.1/thumb/v7e-m/fpv4-sp/hard/crtend.o
 .ARM.attributes
                0x00000000000004bb       0x22 /usr/lib/gcc/arm-none-eabi/6.3.1/thumb/v7e-m/fpv4-sp/hard/crtn.o

.comment        0x0000000000000000       0x31
 .comment       0x0000000000000000       0x31 /usr/lib/gcc/arm-none-eabi/6.3.1/thumb/v7e-m/fpv4-sp/hard/crtbegin.o
                                         0x32 (size before relaxing)
 .comment       0x0000000000000031       0x32 CMakeFiles/TEST_INTEGRATION.elf.dir/src/FreeRTOS/Source/FreeRTOS_tasks.c.obj
 .comment       0x0000000000000031       0x32 CMakeFiles/TEST_INTEGRATION.elf.dir/src/FreeRTOS/Source/list.c.obj
 .comment       0x0000000000000031       0x32 CMakeFiles/TEST_INTEGRATION.elf.dir/src/FreeRTOS/Source/portable/GCC/SAM/CM7/port.c.obj
 .comment       0x0000000000000031       0x32 CMakeFiles/TEST_INTEGRATION.elf.dir/src/FreeRTOS/Source/portable/MemMang/heap_4.c.obj
 .comment       0x0000000000000031       0x32 CMakeFiles/TEST_INTEGRATION.elf.dir/src/app.c.obj
 .comment       0x0000000000000031       0x32 CMakeFiles/TEST_INTEGRATION.elf.dir/src/config/default/exceptions.c.obj
 .comment       0x0000000000000031       0x32 CMakeFiles/TEST_INTEGRATION.elf.dir/src/config/default/initialization.c.obj
 .comment       0x0000000000000031       0x32 CMakeFiles/TEST_INTEGRATION.elf.dir/src/config/default/interrupts.c.obj
 .comment       0x0000000000000031       0x32 CMakeFiles/TEST_INTEGRATION.elf.dir/src/config/default/peripheral/clk/plib_clk.c.obj
 .comment       0x0000000000000031       0x32 CMakeFiles/TEST_INTEGRATION.elf.dir/src/config/default/peripheral/efc/plib_efc.c.obj
 .comment       0x0000000000000031       0x32 CMakeFiles/TEST_INTEGRATION.elf.dir/src/config/default/peripheral/nvic/plib_nvic.c.obj
 .comment       0x0000000000000031       0x32 CMakeFiles/TEST_INTEGRATION.elf.dir/src/config/default/peripheral/pio/plib_pio.c.obj
 .comment       0x0000000000000031       0x32 CMakeFiles/TEST_INTEGRATION.elf.dir/src/config/default/peripheral/systick/plib_systick.c.obj
 .comment       0x0000000000000031       0x32 CMakeFiles/TEST_INTEGRATION.elf.dir/src/config/default/startup_gcc.c.obj
 .comment       0x0000000000000031       0x32 CMakeFiles/TEST_INTEGRATION.elf.dir/src/config/default/system/time/src/sys_time.c.obj
 .comment       0x0000000000000031       0x32 CMakeFiles/TEST_INTEGRATION.elf.dir/src/config/default/tasks.c.obj
 .comment       0x0000000000000031       0x32 CMakeFiles/TEST_INTEGRATION.elf.dir/src/main.c.obj
 .comment       0x0000000000000031       0x32 /usr/lib/gcc/arm-none-eabi/6.3.1/../../../arm-none-eabi/lib/thumb/v7e-m/fpv4-sp/hard/libg_nano.a(lib_a-init.o)
 .comment       0x0000000000000031       0x32 /usr/lib/gcc/arm-none-eabi/6.3.1/../../../arm-none-eabi/lib/thumb/v7e-m/fpv4-sp/hard/libg_nano.a(lib_a-memset.o)
 .comment       0x0000000000000031       0x32 /usr/lib/gcc/arm-none-eabi/6.3.1/thumb/v7e-m/fpv4-sp/hard/crtend.o

.debug_info     0x0000000000000000     0xdb33
 .debug_info    0x0000000000000000     0x2280 CMakeFiles/TEST_INTEGRATION.elf.dir/src/FreeRTOS/Source/FreeRTOS_tasks.c.obj
 .debug_info    0x0000000000002280      0xab4 CMakeFiles/TEST_INTEGRATION.elf.dir/src/FreeRTOS/Source/list.c.obj
 .debug_info    0x0000000000002d34      0x4b6 CMakeFiles/TEST_INTEGRATION.elf.dir/src/FreeRTOS/Source/portable/GCC/SAM/CM7/port.c.obj
 .debug_info    0x00000000000031ea      0xce2 CMakeFiles/TEST_INTEGRATION.elf.dir/src/FreeRTOS/Source/portable/MemMang/heap_4.c.obj
 .debug_info    0x0000000000003ecc      0x91f CMakeFiles/TEST_INTEGRATION.elf.dir/src/app.c.obj
 .debug_info    0x00000000000047eb      0x9a6 CMakeFiles/TEST_INTEGRATION.elf.dir/src/config/default/exceptions.c.obj
 .debug_info    0x0000000000005191      0xdd2 CMakeFiles/TEST_INTEGRATION.elf.dir/src/config/default/initialization.c.obj
 .debug_info    0x0000000000005f63      0xe0a CMakeFiles/TEST_INTEGRATION.elf.dir/src/config/default/interrupts.c.obj
 .debug_info    0x0000000000006d6d      0x40a CMakeFiles/TEST_INTEGRATION.elf.dir/src/config/default/peripheral/clk/plib_clk.c.obj
 .debug_info    0x0000000000007177      0xbc8 CMakeFiles/TEST_INTEGRATION.elf.dir/src/config/default/peripheral/efc/plib_efc.c.obj
 .debug_info    0x0000000000007d3f      0x5f5 CMakeFiles/TEST_INTEGRATION.elf.dir/src/config/default/peripheral/nvic/plib_nvic.c.obj
 .debug_info    0x0000000000008334      0x8ed CMakeFiles/TEST_INTEGRATION.elf.dir/src/config/default/peripheral/pio/plib_pio.c.obj
 .debug_info    0x0000000000008c21      0x66c CMakeFiles/TEST_INTEGRATION.elf.dir/src/config/default/peripheral/systick/plib_systick.c.obj
 .debug_info    0x000000000000928d      0xd51 CMakeFiles/TEST_INTEGRATION.elf.dir/src/config/default/startup_gcc.c.obj
 .debug_info    0x0000000000009fde     0x1a71 CMakeFiles/TEST_INTEGRATION.elf.dir/src/config/default/system/time/src/sys_time.c.obj
 .debug_info    0x000000000000ba4f      0x951 CMakeFiles/TEST_INTEGRATION.elf.dir/src/config/default/tasks.c.obj
 .debug_info    0x000000000000c3a0      0xd6d CMakeFiles/TEST_INTEGRATION.elf.dir/src/main.c.obj
 .debug_info    0x000000000000d10d      0x110 /usr/lib/gcc/arm-none-eabi/6.3.1/../../../arm-none-eabi/lib/thumb/v7e-m/fpv4-sp/hard/libg_nano.a(lib_a-init.o)
 .debug_info    0x000000000000d21d      0x916 /usr/lib/gcc/arm-none-eabi/6.3.1/../../../arm-none-eabi/lib/thumb/v7e-m/fpv4-sp/hard/libg_nano.a(lib_a-memset.o)

.debug_abbrev   0x0000000000000000     0x2328
 .debug_abbrev  0x0000000000000000      0x328 CMakeFiles/TEST_INTEGRATION.elf.dir/src/FreeRTOS/Source/FreeRTOS_tasks.c.obj
 .debug_abbrev  0x0000000000000328      0x1c1 CMakeFiles/TEST_INTEGRATION.elf.dir/src/FreeRTOS/Source/list.c.obj
 .debug_abbrev  0x00000000000004e9      0x1ef CMakeFiles/TEST_INTEGRATION.elf.dir/src/FreeRTOS/Source/portable/GCC/SAM/CM7/port.c.obj
 .debug_abbrev  0x00000000000006d8      0x2a8 CMakeFiles/TEST_INTEGRATION.elf.dir/src/FreeRTOS/Source/portable/MemMang/heap_4.c.obj
 .debug_abbrev  0x0000000000000980      0x1bf CMakeFiles/TEST_INTEGRATION.elf.dir/src/app.c.obj
 .debug_abbrev  0x0000000000000b3f      0x18a CMakeFiles/TEST_INTEGRATION.elf.dir/src/config/default/exceptions.c.obj
 .debug_abbrev  0x0000000000000cc9      0x1f9 CMakeFiles/TEST_INTEGRATION.elf.dir/src/config/default/initialization.c.obj
 .debug_abbrev  0x0000000000000ec2      0x195 CMakeFiles/TEST_INTEGRATION.elf.dir/src/config/default/interrupts.c.obj
 .debug_abbrev  0x0000000000001057       0xce CMakeFiles/TEST_INTEGRATION.elf.dir/src/config/default/peripheral/clk/plib_clk.c.obj
 .debug_abbrev  0x0000000000001125      0x248 CMakeFiles/TEST_INTEGRATION.elf.dir/src/config/default/peripheral/efc/plib_efc.c.obj
 .debug_abbrev  0x000000000000136d      0x1c3 CMakeFiles/TEST_INTEGRATION.elf.dir/src/config/default/peripheral/nvic/plib_nvic.c.obj
 .debug_abbrev  0x0000000000001530      0x14b CMakeFiles/TEST_INTEGRATION.elf.dir/src/config/default/peripheral/pio/plib_pio.c.obj
 .debug_abbrev  0x000000000000167b      0x175 CMakeFiles/TEST_INTEGRATION.elf.dir/src/config/default/peripheral/systick/plib_systick.c.obj
 .debug_abbrev  0x00000000000017f0      0x1b4 CMakeFiles/TEST_INTEGRATION.elf.dir/src/config/default/startup_gcc.c.obj
 .debug_abbrev  0x00000000000019a4      0x398 CMakeFiles/TEST_INTEGRATION.elf.dir/src/config/default/system/time/src/sys_time.c.obj
 .debug_abbrev  0x0000000000001d3c      0x187 CMakeFiles/TEST_INTEGRATION.elf.dir/src/config/default/tasks.c.obj
 .debug_abbrev  0x0000000000001ec3      0x214 CMakeFiles/TEST_INTEGRATION.elf.dir/src/main.c.obj
 .debug_abbrev  0x00000000000020d7       0xba /usr/lib/gcc/arm-none-eabi/6.3.1/../../../arm-none-eabi/lib/thumb/v7e-m/fpv4-sp/hard/libg_nano.a(lib_a-init.o)
 .debug_abbrev  0x0000000000002191      0x197 /usr/lib/gcc/arm-none-eabi/6.3.1/../../../arm-none-eabi/lib/thumb/v7e-m/fpv4-sp/hard/libg_nano.a(lib_a-memset.o)

.debug_aranges  0x0000000000000000      0x720
 .debug_aranges
                0x0000000000000000      0x1a8 CMakeFiles/TEST_INTEGRATION.elf.dir/src/FreeRTOS/Source/FreeRTOS_tasks.c.obj
 .debug_aranges
                0x00000000000001a8       0x40 CMakeFiles/TEST_INTEGRATION.elf.dir/src/FreeRTOS/Source/list.c.obj
 .debug_aranges
                0x00000000000001e8       0x80 CMakeFiles/TEST_INTEGRATION.elf.dir/src/FreeRTOS/Source/portable/GCC/SAM/CM7/port.c.obj
 .debug_aranges
                0x0000000000000268       0x58 CMakeFiles/TEST_INTEGRATION.elf.dir/src/FreeRTOS/Source/portable/MemMang/heap_4.c.obj
 .debug_aranges
                0x00000000000002c0       0x28 CMakeFiles/TEST_INTEGRATION.elf.dir/src/app.c.obj
 .debug_aranges
                0x00000000000002e8       0x48 CMakeFiles/TEST_INTEGRATION.elf.dir/src/config/default/exceptions.c.obj
 .debug_aranges
                0x0000000000000330       0x20 CMakeFiles/TEST_INTEGRATION.elf.dir/src/config/default/initialization.c.obj
 .debug_aranges
                0x0000000000000350       0x20 CMakeFiles/TEST_INTEGRATION.elf.dir/src/config/default/interrupts.c.obj
 .debug_aranges
                0x0000000000000370       0x30 CMakeFiles/TEST_INTEGRATION.elf.dir/src/config/default/peripheral/clk/plib_clk.c.obj
 .debug_aranges
                0x00000000000003a0       0x60 CMakeFiles/TEST_INTEGRATION.elf.dir/src/config/default/peripheral/efc/plib_efc.c.obj
 .debug_aranges
                0x0000000000000400       0x40 CMakeFiles/TEST_INTEGRATION.elf.dir/src/config/default/peripheral/nvic/plib_nvic.c.obj
 .debug_aranges
                0x0000000000000440       0x60 CMakeFiles/TEST_INTEGRATION.elf.dir/src/config/default/peripheral/pio/plib_pio.c.obj
 .debug_aranges
                0x00000000000004a0       0x78 CMakeFiles/TEST_INTEGRATION.elf.dir/src/config/default/peripheral/systick/plib_systick.c.obj
 .debug_aranges
                0x0000000000000518       0x20 CMakeFiles/TEST_INTEGRATION.elf.dir/src/config/default/startup_gcc.c.obj
 .debug_aranges
                0x0000000000000538      0x148 CMakeFiles/TEST_INTEGRATION.elf.dir/src/config/default/system/time/src/sys_time.c.obj
 .debug_aranges
                0x0000000000000680       0x20 CMakeFiles/TEST_INTEGRATION.elf.dir/src/config/default/tasks.c.obj
 .debug_aranges
                0x00000000000006a0       0x40 CMakeFiles/TEST_INTEGRATION.elf.dir/src/main.c.obj
 .debug_aranges
                0x00000000000006e0       0x20 /usr/lib/gcc/arm-none-eabi/6.3.1/../../../arm-none-eabi/lib/thumb/v7e-m/fpv4-sp/hard/libg_nano.a(lib_a-init.o)
 .debug_aranges
                0x0000000000000700       0x20 /usr/lib/gcc/arm-none-eabi/6.3.1/../../../arm-none-eabi/lib/thumb/v7e-m/fpv4-sp/hard/libg_nano.a(lib_a-memset.o)

.debug_ranges   0x0000000000000000      0x5e8
 .debug_ranges  0x0000000000000000      0x198 CMakeFiles/TEST_INTEGRATION.elf.dir/src/FreeRTOS/Source/FreeRTOS_tasks.c.obj
 .debug_ranges  0x0000000000000198       0x30 CMakeFiles/TEST_INTEGRATION.elf.dir/src/FreeRTOS/Source/list.c.obj
 .debug_ranges  0x00000000000001c8       0x70 CMakeFiles/TEST_INTEGRATION.elf.dir/src/FreeRTOS/Source/portable/GCC/SAM/CM7/port.c.obj
 .debug_ranges  0x0000000000000238       0x48 CMakeFiles/TEST_INTEGRATION.elf.dir/src/FreeRTOS/Source/portable/MemMang/heap_4.c.obj
 .debug_ranges  0x0000000000000280       0x30 CMakeFiles/TEST_INTEGRATION.elf.dir/src/app.c.obj
 .debug_ranges  0x00000000000002b0       0x38 CMakeFiles/TEST_INTEGRATION.elf.dir/src/config/default/exceptions.c.obj
 .debug_ranges  0x00000000000002e8       0x10 CMakeFiles/TEST_INTEGRATION.elf.dir/src/config/default/initialization.c.obj
 .debug_ranges  0x00000000000002f8       0x10 CMakeFiles/TEST_INTEGRATION.elf.dir/src/config/default/interrupts.c.obj
 .debug_ranges  0x0000000000000308       0x20 CMakeFiles/TEST_INTEGRATION.elf.dir/src/config/default/peripheral/clk/plib_clk.c.obj
 .debug_ranges  0x0000000000000328       0x50 CMakeFiles/TEST_INTEGRATION.elf.dir/src/config/default/peripheral/efc/plib_efc.c.obj
 .debug_ranges  0x0000000000000378       0x30 CMakeFiles/TEST_INTEGRATION.elf.dir/src/config/default/peripheral/nvic/plib_nvic.c.obj
 .debug_ranges  0x00000000000003a8       0x50 CMakeFiles/TEST_INTEGRATION.elf.dir/src/config/default/peripheral/pio/plib_pio.c.obj
 .debug_ranges  0x00000000000003f8       0x68 CMakeFiles/TEST_INTEGRATION.elf.dir/src/config/default/peripheral/systick/plib_systick.c.obj
 .debug_ranges  0x0000000000000460       0x10 CMakeFiles/TEST_INTEGRATION.elf.dir/src/config/default/startup_gcc.c.obj
 .debug_ranges  0x0000000000000470      0x138 CMakeFiles/TEST_INTEGRATION.elf.dir/src/config/default/system/time/src/sys_time.c.obj
 .debug_ranges  0x00000000000005a8       0x10 CMakeFiles/TEST_INTEGRATION.elf.dir/src/config/default/tasks.c.obj
 .debug_ranges  0x00000000000005b8       0x30 CMakeFiles/TEST_INTEGRATION.elf.dir/src/main.c.obj

.debug_line     0x0000000000000000     0x3f4b
 .debug_line    0x0000000000000000      0xc3d CMakeFiles/TEST_INTEGRATION.elf.dir/src/FreeRTOS/Source/FreeRTOS_tasks.c.obj
 .debug_line    0x0000000000000c3d      0x27e CMakeFiles/TEST_INTEGRATION.elf.dir/src/FreeRTOS/Source/list.c.obj
 .debug_line    0x0000000000000ebb      0x2ff CMakeFiles/TEST_INTEGRATION.elf.dir/src/FreeRTOS/Source/portable/GCC/SAM/CM7/port.c.obj
 .debug_line    0x00000000000011ba      0x38d CMakeFiles/TEST_INTEGRATION.elf.dir/src/FreeRTOS/Source/portable/MemMang/heap_4.c.obj
 .debug_line    0x0000000000001547      0x126 CMakeFiles/TEST_INTEGRATION.elf.dir/src/app.c.obj
 .debug_line    0x000000000000166d      0x2ee CMakeFiles/TEST_INTEGRATION.elf.dir/src/config/default/exceptions.c.obj
 .debug_line    0x000000000000195b      0x42d CMakeFiles/TEST_INTEGRATION.elf.dir/src/config/default/initialization.c.obj
 .debug_line    0x0000000000001d88      0x295 CMakeFiles/TEST_INTEGRATION.elf.dir/src/config/default/interrupts.c.obj
 .debug_line    0x000000000000201d      0x1ef CMakeFiles/TEST_INTEGRATION.elf.dir/src/config/default/peripheral/clk/plib_clk.c.obj
 .debug_line    0x000000000000220c      0x2eb CMakeFiles/TEST_INTEGRATION.elf.dir/src/config/default/peripheral/efc/plib_efc.c.obj
 .debug_line    0x00000000000024f7      0x207 CMakeFiles/TEST_INTEGRATION.elf.dir/src/config/default/peripheral/nvic/plib_nvic.c.obj
 .debug_line    0x00000000000026fe      0x27e CMakeFiles/TEST_INTEGRATION.elf.dir/src/config/default/peripheral/pio/plib_pio.c.obj
 .debug_line    0x000000000000297c      0x241 CMakeFiles/TEST_INTEGRATION.elf.dir/src/config/default/peripheral/systick/plib_systick.c.obj
 .debug_line    0x0000000000002bbd      0x299 CMakeFiles/TEST_INTEGRATION.elf.dir/src/config/default/startup_gcc.c.obj
 .debug_line    0x0000000000002e56      0x857 CMakeFiles/TEST_INTEGRATION.elf.dir/src/config/default/system/time/src/sys_time.c.obj
 .debug_line    0x00000000000036ad      0x280 CMakeFiles/TEST_INTEGRATION.elf.dir/src/config/default/tasks.c.obj
 .debug_line    0x000000000000392d      0x3e4 CMakeFiles/TEST_INTEGRATION.elf.dir/src/main.c.obj
 .debug_line    0x0000000000003d11       0xbe /usr/lib/gcc/arm-none-eabi/6.3.1/../../../arm-none-eabi/lib/thumb/v7e-m/fpv4-sp/hard/libg_nano.a(lib_a-init.o)
 .debug_line    0x0000000000003dcf      0x17c /usr/lib/gcc/arm-none-eabi/6.3.1/../../../arm-none-eabi/lib/thumb/v7e-m/fpv4-sp/hard/libg_nano.a(lib_a-memset.o)

.debug_str      0x0000000000000000     0x43f0
 .debug_str     0x0000000000000000     0x114f CMakeFiles/TEST_INTEGRATION.elf.dir/src/FreeRTOS/Source/FreeRTOS_tasks.c.obj
                                       0x121f (size before relaxing)
 .debug_str     0x000000000000114f       0xe1 CMakeFiles/TEST_INTEGRATION.elf.dir/src/FreeRTOS/Source/list.c.obj
                                        0x712 (size before relaxing)
 .debug_str     0x0000000000001230      0x1ff CMakeFiles/TEST_INTEGRATION.elf.dir/src/FreeRTOS/Source/portable/GCC/SAM/CM7/port.c.obj
                                        0x43e (size before relaxing)
 .debug_str     0x000000000000142f      0x31a CMakeFiles/TEST_INTEGRATION.elf.dir/src/FreeRTOS/Source/portable/MemMang/heap_4.c.obj
                                        0x8f9 (size before relaxing)
 .debug_str     0x0000000000001749       0xad CMakeFiles/TEST_INTEGRATION.elf.dir/src/app.c.obj
                                        0x625 (size before relaxing)
 .debug_str     0x00000000000017f6      0x151 CMakeFiles/TEST_INTEGRATION.elf.dir/src/config/default/exceptions.c.obj
                                        0x750 (size before relaxing)
 .debug_str     0x0000000000001947      0x615 CMakeFiles/TEST_INTEGRATION.elf.dir/src/config/default/initialization.c.obj
                                        0xd13 (size before relaxing)
 .debug_str     0x0000000000001f5c      0x6a9 CMakeFiles/TEST_INTEGRATION.elf.dir/src/config/default/interrupts.c.obj
                                        0xd50 (size before relaxing)
 .debug_str     0x0000000000002605      0x271 CMakeFiles/TEST_INTEGRATION.elf.dir/src/config/default/peripheral/clk/plib_clk.c.obj
                                        0x450 (size before relaxing)
 .debug_str     0x0000000000002876      0x19f CMakeFiles/TEST_INTEGRATION.elf.dir/src/config/default/peripheral/efc/plib_efc.c.obj
                                        0x775 (size before relaxing)
 .debug_str     0x0000000000002a15      0x275 CMakeFiles/TEST_INTEGRATION.elf.dir/src/config/default/peripheral/nvic/plib_nvic.c.obj
                                        0x467 (size before relaxing)
 .debug_str     0x0000000000002c8a      0x441 CMakeFiles/TEST_INTEGRATION.elf.dir/src/config/default/peripheral/pio/plib_pio.c.obj
                                        0x676 (size before relaxing)
 .debug_str     0x00000000000030cb      0x220 CMakeFiles/TEST_INTEGRATION.elf.dir/src/config/default/peripheral/systick/plib_systick.c.obj
                                        0x56a (size before relaxing)
 .debug_str     0x00000000000032eb       0x91 CMakeFiles/TEST_INTEGRATION.elf.dir/src/config/default/startup_gcc.c.obj
                                        0x897 (size before relaxing)
 .debug_str     0x000000000000337c      0x782 CMakeFiles/TEST_INTEGRATION.elf.dir/src/config/default/system/time/src/sys_time.c.obj
                                       0x1360 (size before relaxing)
 .debug_str     0x0000000000003afe       0x57 CMakeFiles/TEST_INTEGRATION.elf.dir/src/config/default/tasks.c.obj
                                        0x6da (size before relaxing)
 .debug_str     0x0000000000003b55      0x631 CMakeFiles/TEST_INTEGRATION.elf.dir/src/main.c.obj
                                        0xd00 (size before relaxing)
 .debug_str     0x0000000000004186      0x1a8 /usr/lib/gcc/arm-none-eabi/6.3.1/../../../arm-none-eabi/lib/thumb/v7e-m/fpv4-sp/hard/libg_nano.a(lib_a-init.o)
                                        0x253 (size before relaxing)
 .debug_str     0x000000000000432e       0xc2 /usr/lib/gcc/arm-none-eabi/6.3.1/../../../arm-none-eabi/lib/thumb/v7e-m/fpv4-sp/hard/libg_nano.a(lib_a-memset.o)
                                        0x61a (size before relaxing)

.debug_frame    0x0000000000000000     0x18f0
 .debug_frame   0x0000000000000000      0x724 CMakeFiles/TEST_INTEGRATION.elf.dir/src/FreeRTOS/Source/FreeRTOS_tasks.c.obj
 .debug_frame   0x0000000000000724       0xd8 CMakeFiles/TEST_INTEGRATION.elf.dir/src/FreeRTOS/Source/list.c.obj
 .debug_frame   0x00000000000007fc      0x1a8 CMakeFiles/TEST_INTEGRATION.elf.dir/src/FreeRTOS/Source/portable/GCC/SAM/CM7/port.c.obj
 .debug_frame   0x00000000000009a4      0x12c CMakeFiles/TEST_INTEGRATION.elf.dir/src/FreeRTOS/Source/portable/MemMang/heap_4.c.obj
 .debug_frame   0x0000000000000ad0       0x58 CMakeFiles/TEST_INTEGRATION.elf.dir/src/app.c.obj
 .debug_frame   0x0000000000000b28       0xa0 CMakeFiles/TEST_INTEGRATION.elf.dir/src/config/default/exceptions.c.obj
 .debug_frame   0x0000000000000bc8       0x34 CMakeFiles/TEST_INTEGRATION.elf.dir/src/config/default/initialization.c.obj
 .debug_frame   0x0000000000000bfc       0x20 CMakeFiles/TEST_INTEGRATION.elf.dir/src/config/default/interrupts.c.obj
 .debug_frame   0x0000000000000c1c       0x6c CMakeFiles/TEST_INTEGRATION.elf.dir/src/config/default/peripheral/clk/plib_clk.c.obj
 .debug_frame   0x0000000000000c88      0x15c CMakeFiles/TEST_INTEGRATION.elf.dir/src/config/default/peripheral/efc/plib_efc.c.obj
 .debug_frame   0x0000000000000de4       0xc4 CMakeFiles/TEST_INTEGRATION.elf.dir/src/config/default/peripheral/nvic/plib_nvic.c.obj
 .debug_frame   0x0000000000000ea8      0x170 CMakeFiles/TEST_INTEGRATION.elf.dir/src/config/default/peripheral/pio/plib_pio.c.obj
 .debug_frame   0x0000000000001018      0x1ac CMakeFiles/TEST_INTEGRATION.elf.dir/src/config/default/peripheral/systick/plib_systick.c.obj
 .debug_frame   0x00000000000011c4       0x30 CMakeFiles/TEST_INTEGRATION.elf.dir/src/config/default/startup_gcc.c.obj
 .debug_frame   0x00000000000011f4      0x5b8 CMakeFiles/TEST_INTEGRATION.elf.dir/src/config/default/system/time/src/sys_time.c.obj
 .debug_frame   0x00000000000017ac       0x2c CMakeFiles/TEST_INTEGRATION.elf.dir/src/config/default/tasks.c.obj
 .debug_frame   0x00000000000017d8       0xb8 CMakeFiles/TEST_INTEGRATION.elf.dir/src/main.c.obj
 .debug_frame   0x0000000000001890       0x2c /usr/lib/gcc/arm-none-eabi/6.3.1/../../../arm-none-eabi/lib/thumb/v7e-m/fpv4-sp/hard/libg_nano.a(lib_a-init.o)
 .debug_frame   0x00000000000018bc       0x34 /usr/lib/gcc/arm-none-eabi/6.3.1/../../../arm-none-eabi/lib/thumb/v7e-m/fpv4-sp/hard/libg_nano.a(lib_a-memset.o)

.debug_loc      0x0000000000000000      0x26b
 .debug_loc     0x0000000000000000       0xae /usr/lib/gcc/arm-none-eabi/6.3.1/../../../arm-none-eabi/lib/thumb/v7e-m/fpv4-sp/hard/libg_nano.a(lib_a-init.o)
 .debug_loc     0x00000000000000ae      0x1bd /usr/lib/gcc/arm-none-eabi/6.3.1/../../../arm-none-eabi/lib/thumb/v7e-m/fpv4-sp/hard/libg_nano.a(lib_a-memset.o)
